BL51 BANKED LINKER/LOCATER V6.22.4.0                                                    10/18/2023  13:46:32  PAGE 1


BL51 BANKED LINKER/LOCATER V6.22.4.0, INVOKED BY:
C:\KEIL_V5\C51\BIN\BL51.EXE .\Objects\main.obj, .\Objects\Delay.obj TO .\Objects\test PRINT (.\Listings\test.m51) RAMSIZ
>> E (256)


MEMORY MODEL: SMALL


INPUT MODULES INCLUDED:
  .\Objects\main.obj (MAIN)
  .\Objects\Delay.obj (DELAY)
  C:\KEIL_V5\C51\LIB\C51S.LIB (?C_STARTUP)


LINK MAP OF MODULE:  .\Objects\test (MAIN)


            TYPE    BASE      LENGTH    RELOCATION   SEGMENT NAME
            -----------------------------------------------------

            * * * * * * *   D A T A   M E M O R Y   * * * * * * *
            REG     0000H     0008H     ABSOLUTE     "REG BANK 0"
            IDATA   0008H     0001H     UNIT         ?STACK

            * * * * * * *   C O D E   M E M O R Y   * * * * * * *
            CODE    0000H     0003H     ABSOLUTE     
            CODE    0003H     0020H     UNIT         ?PR?_DELAY_MS?DELAY
            CODE    0023H     000CH     UNIT         ?C_C51STARTUP
            CODE    002FH     000BH     UNIT         ?PR?MAIN?MAIN



OVERLAY MAP OF MODULE:   .\Objects\test (MAIN)


SEGMENT
  +--> CALLED SEGMENT
---------------------
?C_C51STARTUP
  +--> ?PR?MAIN?MAIN

?PR?MAIN?MAIN
  +--> ?PR?_DELAY_MS?DELAY



SYMBOL TABLE OF MODULE:  .\Objects\test (MAIN)

  VALUE           TYPE          NAME
  ----------------------------------

  -------         MODULE        MAIN
  C:0000H         SYMBOL        _ICE_DUMMY_
  B:00A0H.0       PUBLIC        P2_0
  C:002FH         PUBLIC        main
  -------         PROC          MAIN
  C:002FH         LINE#         4
  C:002FH         LINE#         5
BL51 BANKED LINKER/LOCATER V6.22.4.0                                                  10/18/2023  13:46:32  PAGE 2


  C:002FH         LINE#         6
  C:0031H         LINE#         7
  C:0038H         LINE#         8
  -------         ENDPROC       MAIN
  -------         ENDMOD        MAIN

  -------         MODULE        DELAY
  C:0000H         SYMBOL        _ICE_DUMMY_
  C:0003H         PUBLIC        _Delay_ms
  -------         PROC          _DELAY_MS
  D:0006H         SYMBOL        t
  -------         DO            
  D:0004H         SYMBOL        x
  D:0002H         SYMBOL        y
  -------         ENDDO         
  C:0003H         LINE#         2
  C:0003H         LINE#         4
  C:000DH         LINE#         5
  C:001BH         LINE#         6
  C:0022H         LINE#         7
  -------         ENDPROC       _DELAY_MS
  -------         ENDMOD        DELAY

Program Size: data=9.0 xdata=0 code=58
LINK/LOCATE RUN COMPLETE.  0 WARNING(S),  0 ERROR(S)
